[duruthemes.com/demo/html/renax/dark/index.html]
[backblue.gif]
[fade.gif]
[index.html]
[duruthemes.com/demo/html/renax/dark/img/favicon.png]
[duruthemes.com/demo/html/renax/dark/css/plugins.css]
[duruthemes.com/demo/html/renax/dark/css/style.css]
[duruthemes.com/demo/html/renax/dark/img/logo-light.png]
[duruthemes.com/demo/html/renax/dark/Home.html]
[duruthemes.com/demo/html/renax/dark/index2.html]
[duruthemes.com/demo/html/renax/dark/index7.html]
[duruthemes.com/demo/html/renax/dark/index3.html]
[duruthemes.com/demo/html/renax/dark/index4.html]
[duruthemes.com/demo/html/renax/dark/index6.html]
[duruthemes.com/demo/html/renax/dark/onepage-slider.html]
[duruthemes.com/demo/html/renax/dark/onepage-slider2.html]
[duruthemes.com/demo/html/renax/dark/onepage-image.html]
[duruthemes.com/demo/html/renax/dark/onepage-image2.html]
[duruthemes.com/demo/html/renax/dark/onepage-video.html]
[duruthemes.com/demo/html/renax/dark/onepage-slideshow.html]
[duruthemes.com/demo/html/renax/dark/onepage-grid-background.html]
[duruthemes.com/demo/html/renax/dark/about.html]
[duruthemes.com/demo/html/renax/dark/services.html]
[duruthemes.com/demo/html/renax/dark/services2.html]
[duruthemes.com/demo/html/renax/dark/service-details.html]
[duruthemes.com/demo/html/renax/dark/service-details2.html]
[duruthemes.com/demo/html/renax/dark/service-details3.html]
[duruthemes.com/demo/html/renax/dark/service-details4.html]
[duruthemes.com/demo/html/renax/dark/cars.html]
[duruthemes.com/demo/html/renax/dark/cars2.html]
[duruthemes.com/demo/html/renax/dark/cars3.html]
[duruthemes.com/demo/html/renax/dark/cars4.html]
[duruthemes.com/demo/html/renax/dark/car-types.html]
[duruthemes.com/demo/html/renax/dark/car-types2.html]
[duruthemes.com/demo/html/renax/dark/car-types3.html]
[duruthemes.com/demo/html/renax/dark/car-types4.html]
[duruthemes.com/demo/html/renax/dark/car-details.html]
[duruthemes.com/demo/html/renax/dark/car-details2.html]
[duruthemes.com/demo/html/renax/dark/car-details3.html]
[duruthemes.com/demo/html/renax/dark/car-details4.html]
[duruthemes.com/demo/html/renax/dark/team.html]
[duruthemes.com/demo/html/renax/dark/gallery-image.html]
[duruthemes.com/demo/html/renax/dark/gallery-image2.html]
[duruthemes.com/demo/html/renax/dark/gallery-video.html]
[duruthemes.com/demo/html/renax/dark/price.html]
[duruthemes.com/demo/html/renax/dark/faq.html]
[duruthemes.com/demo/html/renax/dark/testiominals.html]
[duruthemes.com/demo/html/renax/dark/team-single.html]
[duruthemes.com/demo/html/renax/dark/404.html]
[duruthemes.com/demo/html/renax/dark/blog.html]
[duruthemes.com/demo/html/renax/dark/blog2.html]
[duruthemes.com/demo/html/renax/dark/blog3.html]
[duruthemes.com/demo/html/renax/dark/post.html]
[duruthemes.com/demo/html/renax/dark/contact.html]
[duruthemes.com/demo/html/renax/dark/img/slider/1african-american-business-man-car_1303-9853.avif]
[duruthemes.com/demo/html/renax/dark/img/slider/12.jpg]
[duruthemes.com/demo/html/renax/dark/img/slider/1car-insurance-tablet-black-woman-portrait-with-motor-evaluation-inspection-from-hire-road-trip-digital-accident-report-auto-search-outdoor-w.avif]
[duruthemes.com/demo/html/renax/dark/img/happy-woman-showing-car-keys_274689-10444.avif]
[duruthemes.com/demo/html/renax/dark/img/services/african-american-business-man-car_1303-9853.avif]
[duruthemes.com/demo/html/renax/dark/img/services/2.jpg]
[duruthemes.com/demo/html/renax/dark/img/services/3.jpg]
[duruthemes.com/demo/html/renax/dark/img/services/car-insurance-tablet-black-woman-portrait-with-motor-evaluation-inspection-from-hire-road-trip-digital-accident-report-auto-search-outdoor-w.avif]
[duruthemes.com/demo/html/renax/dark/img/services/5.jpg]
[duruthemes.com/demo/html/renax/dark/img/services/stylish-black-woman-car-salon_1157-21421.avif]
[duruthemes.com/demo/html/renax/dark/img/slider/2.jpg]
[duruthemes.com/demo/html/renax/dark/img/slider/7.jpg]
[duruthemes.com/demo/html/renax/dark/img/slider/8.jpg]
[duruthemes.com/demo/html/renax/dark/img/slider/9.jpg]
[duruthemes.com/demo/html/renax/dark/img/slider/13.jpg]
[duruthemes.com/demo/html/renax/dark/img/slider/15.jpg]
[duruthemes.com/demo/html/renax/dark/img/cars/03.jpg]
[duruthemes.com/demo/html/renax/dark/img/cars/0car-insurance-tablet-black-woman-portrait-with-motor-evaluation-inspection-from-hire-road-trip-digital-accident-report-auto-search-outdoor-w.avif]
[duruthemes.com/demo/html/renax/dark/img/cars/02.jpg]
[duruthemes.com/demo/html/renax/dark/img/cars/0african-american-business-man-car_1303-9853.avif]
[duruthemes.com/demo/html/renax/dark/img/cars/05.jpg]
[duruthemes.com/demo/html/renax/dark/img/cars/0stylish-black-woman-car-salon_1157-21421.avif]
[duruthemes.com/demo/html/renax/dark/img/slider/african-american-business-man-car_1303-9853.avif]
[duruthemes.com/demo/html/renax/dark/img/team/african-american-business-man-car_1303-9853.avif]
[duruthemes.com/demo/html/renax/dark/img/team/car-insurance-tablet-black-woman-portrait-with-motor-evaluation-inspection-from-hire-road-trip-digital-accident-report-auto-search-outdoor-w.avif]
[duruthemes.com/demo/html/renax/dark/img/team/stylish-black-woman-car-salon_1157-21421.avif]
[duruthemes.com/demo/html/renax/dark/img/blog/3.jpg]
[duruthemes.com/demo/html/renax/dark/img/blog/car-insurance-tablet-black-woman-portrait-with-motor-evaluation-inspection-from-hire-road-trip-digital-accident-report-auto-search-outdoor-w.avif]
[duruthemes.com/demo/html/renax/dark/img/blog/5.jpg]
[duruthemes.com/demo/html/renax/dark/img/blog/stylish-black-woman-car-salon_1157-21421.avif]
[duruthemes.com/demo/html/renax/dark/img/blog/7.jpg]
[duruthemes.com/demo/html/renax/dark/img/blog/8.jpg]
[duruthemes.com/demo/html/renax/dark/img/slider/3.jpg]
[duruthemes.com/demo/html/renax/dark/img/clients/1.png]
[duruthemes.com/demo/html/renax/dark/img/clients/2.png]
[duruthemes.com/demo/html/renax/dark/img/clients/3.png]
[duruthemes.com/demo/html/renax/dark/img/clients/4.png]
[duruthemes.com/demo/html/renax/dark/img/clients/5.png]
[duruthemes.com/demo/html/renax/dark/img/clients/6.png]
[duruthemes.com/demo/html/renax/dark/img/clients/7.png]
[duruthemes.com/demo/html/renax/dark/img/clients/8.png]
[duruthemes.com/demo/html/renax/dark/js/jquery-3.7.1.min.js]
[duruthemes.com/demo/html/renax/dark/js/jquery-migrate-3.4.1.min.js]
[duruthemes.com/demo/html/renax/dark/js/modernizr-2.6.2.min.js]
[duruthemes.com/demo/html/renax/dark/js/imagesloaded.pkgd.min.js]
[duruthemes.com/demo/html/renax/dark/js/jquery.isotope.v3.0.2.js]
[duruthemes.com/demo/html/renax/dark/js/popper.min.js]
[duruthemes.com/demo/html/renax/dark/js/bootstrap.min.js]
[duruthemes.com/demo/html/renax/dark/js/scrollIt.min.js]
[duruthemes.com/demo/html/renax/dark/js/jquery.waypoints.min.js]
[duruthemes.com/demo/html/renax/dark/js/owl.carousel.min.js]
[duruthemes.com/demo/html/renax/dark/js/jquery.stellar.min.js]
[duruthemes.com/demo/html/renax/dark/js/jquery.magnific-popup.js]
[duruthemes.com/demo/html/renax/dark/js/select2.js]
[duruthemes.com/demo/html/renax/dark/js/datepicker.js]
[duruthemes.com/demo/html/renax/dark/js/YouTubePopUp.js]
[duruthemes.com/demo/html/renax/dark/index.html]
[duruthemes.com/demo/html/renax/dark/js/custom.js]
[duruthemes.com/demo/html/renax/dark/css/plugins/bootstrap.min.css]
[duruthemes.com/demo/html/renax/dark/css/plugins/owl.carousel.min.css]
[duruthemes.com/demo/html/renax/dark/css/plugins/owl.theme.default.min.css]
[duruthemes.com/demo/html/renax/dark/css/plugins/animate.min.css]
[duruthemes.com/demo/html/renax/dark/css/plugins/omFont.css]
[duruthemes.com/demo/html/renax/dark/css/plugins/flaticon.css]
[duruthemes.com/demo/html/renax/dark/css/plugins/themify-icons.css]
[duruthemes.com/demo/html/renax/dark/css/plugins/magnific-popup.css]
[duruthemes.com/demo/html/renax/dark/css/plugins/font-awesome-pro.css]
[duruthemes.com/demo/html/renax/dark/css/plugins/YouTubePopUp.css]
[duruthemes.com/demo/html/renax/dark/css/plugins/select2.css]
[duruthemes.com/demo/html/renax/dark/css/plugins/datepicker.css]
[duruthemes.com/demo/html/renax/dark/css/plugins.css]
[duruthemes.com/demo/html/renax/dark/css/style.css]
[duruthemes.com/demo/html/renax/dark/Home.html]
[duruthemes.com/demo/html/renax/dark/css/plugins/vegas.slider.min.css]
[duruthemes.com/demo/html/renax/dark/img/blog/9.jpg]
[duruthemes.com/demo/html/renax/dark/img/blog/10.jpg]
[duruthemes.com/demo/html/renax/dark/img/blog/1african-american-business-man-car_1303-9853.avif]
[duruthemes.com/demo/html/renax/dark/img/blog/03.jpg]
[duruthemes.com/demo/html/renax/dark/img/blog/0car-insurance-tablet-black-woman-portrait-with-motor-evaluation-inspection-from-hire-road-trip-digital-accident-report-auto-search-outdoor-w.avif]
[duruthemes.com/demo/html/renax/dark/img/blog/05.jpg]
[duruthemes.com/demo/html/renax/dark/img/blog/0stylish-black-woman-car-salon_1157-21421.avif]
[duruthemes.com/demo/html/renax/dark/img/blog/0african-american-business-man-car_1303-9853.avif]
[duruthemes.com/demo/html/renax/dark/img/blog/02.jpg]
[duruthemes.com/demo/html/renax/dark/img/app.png]
[duruthemes.com/demo/html/renax/dark/index2.html]
[duruthemes.com/demo/html/renax/dark/img/slider/10.jpg]
[duruthemes.com/demo/html/renax/dark/index7.html]
[duruthemes.com/demo/html/renax/dark/index3.html]
[duruthemes.com/demo/html/renax/dark/index4.html]
[duruthemes.com/demo/html/renax/dark/js/vegas.slider.min.js]
[duruthemes.com/demo/html/renax/dark/img/slider/25.jpg]
[duruthemes.com/demo/html/renax/dark/img/slider/2stylish-black-woman-car-salon_1157-21421.avif]
[duruthemes.com/demo/html/renax/dark/img/slider/27.jpg]
[duruthemes.com/demo/html/renax/dark/index6.html]
[duruthemes.com/demo/html/renax/dark/onepage-slider.html]
[duruthemes.com/demo/html/renax/dark/onepage-slider2.html]
[duruthemes.com/demo/html/renax/dark/onepage-image.html]
[duruthemes.com/demo/html/renax/dark/img/slider/23.jpg]
[duruthemes.com/demo/html/renax/dark/onepage-image2.html]
[duruthemes.com/demo/html/renax/dark/onepage-video.html]
[duruthemes.com/demo/html/renax/dark/onepage-slideshow.html]
[duruthemes.com/demo/html/renax/dark/onepage-grid-background.html]
[duruthemes.com/demo/html/renax/dark/img/team/industrial-designer-working-3d-model_23-2149370152.avif]
[duruthemes.com/demo/html/renax/dark/img/team/african-american-business-man-car_1303-9852.avif]
[duruthemes.com/demo/html/renax/dark/img/team/3.jpg]
[duruthemes.com/demo/html/renax/dark/about.html]
[duruthemes.com/demo/html/renax/dark/services.html]
[duruthemes.com/demo/html/renax/dark/services2.html]
[duruthemes.com/demo/html/renax/dark/service-details.html]
[duruthemes.com/demo/html/renax/dark/img/cars/c2.jpg]
[duruthemes.com/demo/html/renax/dark/img/cars/c3.jpg]
[duruthemes.com/demo/html/renax/dark/img/cars/ccar-insurance-tablet-black-woman-portrait-with-motor-evaluation-inspection-from-hire-road-trip-digital-accident-report-auto-search-outdoor-w.avif]
[duruthemes.com/demo/html/renax/dark/img/cars/c5.jpg]
[duruthemes.com/demo/html/renax/dark/service-details2.html]
[duruthemes.com/demo/html/renax/dark/service-details3.html]
[duruthemes.com/demo/html/renax/dark/service-details4.html]
[duruthemes.com/demo/html/renax/dark/cars.html]
[duruthemes.com/demo/html/renax/dark/cars2.html]
[duruthemes.com/demo/html/renax/dark/cars3.html]
[duruthemes.com/demo/html/renax/dark/cars4.html]
[duruthemes.com/demo/html/renax/dark/car-types.html]
[duruthemes.com/demo/html/renax/dark/car-types2.html]
[duruthemes.com/demo/html/renax/dark/car-types3.html]
[duruthemes.com/demo/html/renax/dark/img/slider/22.jpg]
[duruthemes.com/demo/html/renax/dark/car-types4.html]
[duruthemes.com/demo/html/renax/dark/img/slider/11b.jpg]
[duruthemes.com/demo/html/renax/dark/img/slider/11a.jpg]
[duruthemes.com/demo/html/renax/dark/car-details.html]
[duruthemes.com/demo/html/renax/dark/img/cars/c7.jpg]
[duruthemes.com/demo/html/renax/dark/img/cars/c8.jpg]
[duruthemes.com/demo/html/renax/dark/img/cars/c9.jpg]
[duruthemes.com/demo/html/renax/dark/car-details2.html]
[duruthemes.com/demo/html/renax/dark/car-details3.html]
[duruthemes.com/demo/html/renax/dark/car-details4.html]
[duruthemes.com/demo/html/renax/dark/team.html]
[duruthemes.com/demo/html/renax/dark/img/gallery/african-american-business-man-car_1303-9853.avif]
[duruthemes.com/demo/html/renax/dark/img/gallery/2.jpg]
[duruthemes.com/demo/html/renax/dark/img/gallery/3.jpg]
[duruthemes.com/demo/html/renax/dark/img/gallery/car-insurance-tablet-black-woman-portrait-with-motor-evaluation-inspection-from-hire-road-trip-digital-accident-report-auto-search-outdoor-w.avif]
[duruthemes.com/demo/html/renax/dark/img/gallery/5.jpg]
[duruthemes.com/demo/html/renax/dark/img/gallery/stylish-black-woman-car-salon_1157-21421.avif]
[duruthemes.com/demo/html/renax/dark/img/gallery/7.jpg]
[duruthemes.com/demo/html/renax/dark/img/gallery/8.jpg]
[duruthemes.com/demo/html/renax/dark/img/gallery/9.jpg]
[duruthemes.com/demo/html/renax/dark/gallery-image.html]
[duruthemes.com/demo/html/renax/dark/gallery-image2.html]
[duruthemes.com/demo/html/renax/dark/gallery-video.html]
[duruthemes.com/demo/html/renax/dark/price.html]
[duruthemes.com/demo/html/renax/dark/img/slider/car-insurance-tablet-black-woman-portrait-with-motor-evaluation-inspection-from-hire-road-trip-digital-accident-report-auto-search-outdoor-w.avif]
[duruthemes.com/demo/html/renax/dark/img/about2.png]
[duruthemes.com/demo/html/renax/dark/faq.html]
[duruthemes.com/demo/html/renax/dark/testiominals.html]
[duruthemes.com/demo/html/renax/dark/img/slider/2african-american-business-man-car_1303-9853.avif]
[duruthemes.com/demo/html/renax/dark/team-single.html]
[duruthemes.com/demo/html/renax/dark/404.html]
[duruthemes.com/demo/html/renax/dark/blog.html]
[duruthemes.com/demo/html/renax/dark/blog2.html]
[duruthemes.com/demo/html/renax/dark/img/slider/5.jpg]
[duruthemes.com/demo/html/renax/dark/img/slider/19.jpg]
[duruthemes.com/demo/html/renax/dark/blog3.html]
[duruthemes.com/demo/html/renax/dark/post.html]
[duruthemes.com/demo/html/renax/dark/contact.html]
[duruthemes.com/demo/html/renax/dark/css/plugins/bootstrap.min.css]
[duruthemes.com/demo/html/renax/dark/css/plugins/owl.carousel.min.css]
[duruthemes.com/demo/html/renax/dark/css/plugins/owl.theme.default.min.css]
[duruthemes.com/demo/html/renax/dark/css/plugins/animate.min.css]
[duruthemes.com/demo/html/renax/dark/fonts/omFont.eot]
[duruthemes.com/demo/html/renax/dark/fonts/omFontd41d.eot]
[duruthemes.com/demo/html/renax/dark/fonts/omFont.woff]
[duruthemes.com/demo/html/renax/dark/fonts/omFont.ttf]
[duruthemes.com/demo/html/renax/dark/css/plugins/omFont.css]
[duruthemes.com/demo/html/renax/dark/fonts/omFont.svg]
[duruthemes.com/demo/html/renax/dark/fonts/Flaticon.eot]
[duruthemes.com/demo/html/renax/dark/fonts/Flaticond41d.eot]
[duruthemes.com/demo/html/renax/dark/fonts/Flaticon.woff2]
[duruthemes.com/demo/html/renax/dark/fonts/Flaticon.woff]
[duruthemes.com/demo/html/renax/dark/fonts/Flaticon.ttf]
[duruthemes.com/demo/html/renax/dark/css/plugins/flaticon.css]
[duruthemes.com/demo/html/renax/dark/fonts/Flaticon.svg]
[duruthemes.com/demo/html/renax/dark/fonts/themify.eot]
[duruthemes.com/demo/html/renax/dark/fonts/themifyd41d.eot]
[duruthemes.com/demo/html/renax/dark/fonts/themify.woff]
[duruthemes.com/demo/html/renax/dark/fonts/themify.ttf]
[duruthemes.com/demo/html/renax/dark/css/plugins/themify-icons.css]
[duruthemes.com/demo/html/renax/dark/fonts/fa-brands-400.woff2]
[duruthemes.com/demo/html/renax/dark/fonts/themify.svg]
[duruthemes.com/demo/html/renax/dark/fonts/fa-light-300.woff2]
[duruthemes.com/demo/html/renax/dark/fonts/fa-regular-400.woff2]
[duruthemes.com/demo/html/renax/dark/fonts/fa-solid-900.woff2]
[duruthemes.com/demo/html/renax/dark/css/plugins/font-awesome-pro.css]
[duruthemes.com/demo/html/renax/dark/css/plugins/magnific-popup.css]
[duruthemes.com/demo/html/renax/dark/css/plugins/close.png]
[duruthemes.com/demo/html/renax/dark/css/plugins/YouTubePopUp.css]
[duruthemes.com/demo/html/renax/dark/css/plugins/select2.css]
[duruthemes.com/demo/html/renax/dark/css/plugins/datepicker.css]
[duruthemes.com/demo/html/renax/dark/css/plugins/vegas.slider.min.css]
[duruthemes.com/demo/html/renax/dark/blog1.html]
[duruthemes.com/demo/html/renax/dark/css/plugins/owl.video.play.html]
[duruthemes.com/demo/html/renax/dark/fonts/omFont.svg]
[duruthemes.com/demo/html/renax/dark/fonts/Flaticon.svg]
[duruthemes.com/demo/html/renax/dark/fonts/themify.svg]
[duruthemes.com/demo/html/renax/dark/fonts/fa-brands-400.html]
[duruthemes.com/demo/html/renax/dark/fonts/fa-duotone-900.html]
[duruthemes.com/demo/html/renax/dark/fonts/fa-duotone-901.html]
[duruthemes.com/demo/html/renax/dark/fonts/fa-light-300.html]
[duruthemes.com/demo/html/renax/dark/fonts/fa-regular-400.html]
[duruthemes.com/demo/html/renax/dark/fonts/fa-solid-900.html]
[duruthemes.com/demo/html/renax/dark/fonts/fa-thin-100.html]
[duruthemes.com/demo/html/renax/dark/fonts/fa-thin-101.html]
[duruthemes.com/demo/html/renax/dark/fonts/fa-v4compatibility.html]
[duruthemes.com/demo/html/renax/dark/fonts/fa-v4compatibility-2.html]
